14.80 W, 36, 2374 MiB
30.08 W, 37, 3366 MiB
39.80 W, 37, 4390 MiB
38.52 W, 36, 5222 MiB
46.99 W, 36, 5990 MiB
45.25 W, 36, 6790 MiB
39.55 W, 36, 6912 MiB
57.22 W, 36, 8160 MiB
43.69 W, 36, 9056 MiB
43.62 W, 36, 9920 MiB
43.41 W, 36, 10560 MiB
39.16 W, 36, 11360 MiB
49.08 W, 38, 12064 MiB
56.25 W, 37, 13216 MiB
53.88 W, 36, 14048 MiB
50.69 W, 37, 14816 MiB
50.27 W, 36, 15648 MiB
54.36 W, 38, 16160 MiB
390.40 W, 51, 16160 MiB
574.07 W, 55, 16160 MiB
575.98 W, 57, 16161 MiB
574.45 W, 56, 16161 MiB
574.15 W, 57, 16161 MiB
576.15 W, 58, 16161 MiB
574.44 W, 58, 16161 MiB
574.01 W, 58, 16161 MiB
574.56 W, 60, 16161 MiB
575.35 W, 60, 16161 MiB
574.37 W, 60, 16159 MiB
425.14 W, 51, 15807 MiB
357.64 W, 59, 16287 MiB
576.09 W, 61, 16287 MiB
575.94 W, 61, 16287 MiB
574.00 W, 61, 16287 MiB
575.30 W, 62, 16287 MiB
575.54 W, 62, 16287 MiB
574.26 W, 61, 16287 MiB
574.21 W, 63, 16287 MiB
574.90 W, 64, 16287 MiB
575.34 W, 64, 16287 MiB
573.98 W, 64, 16287 MiB
574.49 W, 65, 16287 MiB
418.26 W, 52, 16287 MiB
531.97 W, 64, 16287 MiB
575.48 W, 64, 16287 MiB
574.19 W, 66, 16287 MiB
575.93 W, 66, 16287 MiB
576.12 W, 66, 16287 MiB
574.63 W, 67, 16287 MiB
575.41 W, 67, 16287 MiB
575.40 W, 67, 16287 MiB
574.43 W, 67, 16287 MiB
574.38 W, 68, 16287 MiB
575.68 W, 68, 16287 MiB
575.97 W, 68, 15807 MiB
351.40 W, 66, 16319 MiB
577.96 W, 68, 16319 MiB
575.09 W, 68, 16319 MiB
574.63 W, 68, 16319 MiB
574.09 W, 68, 16319 MiB
575.84 W, 68, 16319 MiB
575.13 W, 69, 16319 MiB
575.56 W, 70, 16319 MiB
574.42 W, 69, 16319 MiB
574.11 W, 69, 16319 MiB
575.30 W, 69, 16319 MiB
439.20 W, 58, 16319 MiB
480.79 W, 69, 16319 MiB
575.05 W, 70, 16319 MiB
574.82 W, 70, 16319 MiB
574.47 W, 69, 16319 MiB
575.36 W, 71, 16319 MiB
574.81 W, 71, 16319 MiB
575.59 W, 71, 16319 MiB
574.86 W, 71, 16319 MiB
574.25 W, 71, 16319 MiB
575.45 W, 72, 16319 MiB
