10.58 W, 35, 2053 MiB
14.65 W, 35, 3152 MiB
15.52 W, 35, 3404 MiB
24.43 W, 36, 4524 MiB
32.35 W, 35, 5644 MiB
27.65 W, 35, 6508 MiB
22.99 W, 35, 7436 MiB
30.16 W, 35, 8268 MiB
31.78 W, 36, 9196 MiB
31.73 W, 35, 10060 MiB
31.20 W, 35, 10956 MiB
30.32 W, 35, 11820 MiB
30.70 W, 35, 12620 MiB
22.23 W, 35, 13484 MiB
23.68 W, 35, 14380 MiB
30.40 W, 35, 15276 MiB
25.84 W, 35, 16044 MiB
95.94 W, 36, 14414 MiB
94.98 W, 36, 15470 MiB
59.61 W, 35, 16590 MiB
40.73 W, 35, 17582 MiB
42.56 W, 35, 18126 MiB
39.84 W, 35, 18958 MiB
44.04 W, 35, 19751 MiB
40.71 W, 35, 20615 MiB
42.25 W, 35, 21223 MiB
38.18 W, 35, 22087 MiB
31.82 W, 34, 22919 MiB
40.17 W, 36, 23751 MiB
33.99 W, 35, 24423 MiB
35.96 W, 36, 25255 MiB
33.09 W, 35, 26023 MiB
34.28 W, 34, 26823 MiB
36.73 W, 35, 27495 MiB
31.22 W, 34, 28327 MiB
36.10 W, 35, 28967 MiB
33.41 W, 35, 29703 MiB
33.96 W, 35, 30119 MiB
34.69 W, 35, 30855 MiB
35.26 W, 34, 31623 MiB
32.31 W, 34, 31653 MiB
34.97 W, 34, 31653 MiB
351.59 W, 48, 31749 MiB
577.87 W, 53, 31749 MiB
576.22 W, 54, 31717 MiB
572.57 W, 55, 31717 MiB
558.39 W, 55, 31773 MiB
570.86 W, 56, 31650 MiB
574.12 W, 56, 31714 MiB
575.40 W, 57, 31714 MiB
575.50 W, 58, 31714 MiB
575.09 W, 58, 31778 MiB
571.85 W, 59, 31778 MiB
575.44 W, 59, 31755 MiB
576.28 W, 58, 31755 MiB
574.92 W, 59, 31755 MiB
575.40 W, 60, 31755 MiB
574.52 W, 61, 31758 MiB
574.51 W, 60, 31758 MiB
250.42 W, 46, 30606 MiB
386.24 W, 59, 30702 MiB
576.12 W, 61, 30702 MiB
574.25 W, 61, 30702 MiB
575.49 W, 62, 30766 MiB
575.18 W, 62, 30765 MiB
573.98 W, 61, 30788 MiB
576.04 W, 62, 30790 MiB
575.37 W, 62, 30790 MiB
574.77 W, 63, 30790 MiB
575.35 W, 64, 30790 MiB
575.08 W, 64, 30790 MiB
543.43 W, 64, 30939 MiB
578.03 W, 65, 30939 MiB
575.14 W, 65, 30939 MiB
574.33 W, 65, 30939 MiB
575.19 W, 66, 30939 MiB
372.99 W, 53, 30854 MiB
488.92 W, 65, 30854 MiB
575.77 W, 66, 30889 MiB
572.08 W, 66, 30889 MiB
578.70 W, 67, 30891 MiB
576.06 W, 67, 30955 MiB
572.61 W, 67, 31020 MiB
574.95 W, 68, 31070 MiB
576.76 W, 68, 31011 MiB
577.07 W, 68, 31049 MiB
573.31 W, 68, 31049 MiB
577.02 W, 69, 31049 MiB
574.91 W, 69, 31049 MiB
575.16 W, 69, 31049 MiB
575.05 W, 69, 31049 MiB
575.08 W, 70, 31049 MiB
557.28 W, 65, 30464 MiB
139.71 W, 56, 30818 MiB
286.04 W, 67, 30978 MiB
575.00 W, 69, 30978 MiB
574.77 W, 69, 30978 MiB
548.29 W, 68, 31042 MiB
556.16 W, 69, 31042 MiB
558.62 W, 69, 31042 MiB
560.44 W, 69, 31042 MiB
560.34 W, 69, 31042 MiB
559.18 W, 70, 31042 MiB
557.72 W, 70, 31042 MiB
558.54 W, 70, 31042 MiB
561.02 W, 70, 31042 MiB
561.83 W, 70, 31042 MiB
560.47 W, 70, 31042 MiB
562.98 W, 70, 31042 MiB
562.55 W, 71, 31042 MiB
431.02 W, 60, 31014 MiB
518.80 W, 70, 31014 MiB
575.52 W, 71, 31014 MiB
563.55 W, 70, 31014 MiB
554.33 W, 71, 30981 MiB
562.37 W, 71, 30981 MiB
563.13 W, 72, 30982 MiB
559.41 W, 71, 30998 MiB
564.21 W, 71, 30998 MiB
562.64 W, 72, 31055 MiB
565.14 W, 72, 31055 MiB
553.75 W, 72, 31056 MiB
550.58 W, 72, 31055 MiB
555.68 W, 72, 31055 MiB
552.27 W, 72, 31055 MiB
555.16 W, 72, 31054 MiB
555.56 W, 72, 31010 MiB
