14.35 W, 29, 2763 MiB
20.25 W, 29, 3819 MiB
20.05 W, 30, 4587 MiB
47.90 W, 30, 5611 MiB
48.72 W, 30, 6603 MiB
36.06 W, 30, 7467 MiB
36.08 W, 30, 8395 MiB
35.83 W, 30, 9227 MiB
36.58 W, 30, 10123 MiB
39.56 W, 30, 10987 MiB
29.37 W, 30, 11883 MiB
45.99 W, 30, 12779 MiB
43.00 W, 30, 13547 MiB
38.78 W, 30, 14411 MiB
30.75 W, 30, 15339 MiB
32.54 W, 30, 16203 MiB
30.89 W, 30, 14187 MiB
108.63 W, 31, 15243 MiB
93.91 W, 31, 16459 MiB
45.40 W, 30, 17579 MiB
45.28 W, 30, 18283 MiB
43.43 W, 30, 18923 MiB
46.10 W, 30, 19787 MiB
48.74 W, 30, 20555 MiB
40.10 W, 30, 21355 MiB
46.55 W, 30, 22091 MiB
60.29 W, 31, 22923 MiB
57.78 W, 30, 23691 MiB
43.75 W, 30, 24523 MiB
46.27 W, 31, 25195 MiB
43.08 W, 30, 26059 MiB
44.61 W, 30, 26825 MiB
50.87 W, 30, 27594 MiB
39.48 W, 30, 28266 MiB
45.32 W, 31, 29130 MiB
55.15 W, 31, 29706 MiB
53.31 W, 31, 30474 MiB
45.29 W, 30, 30954 MiB
44.04 W, 31, 31651 MiB
46.52 W, 31, 31610 MiB
73.82 W, 31, 31575 MiB
98.91 W, 36, 31511 MiB
310.35 W, 38, 31511 MiB
330.52 W, 39, 31511 MiB
314.14 W, 40, 31607 MiB
521.42 W, 46, 31607 MiB
533.68 W, 49, 31607 MiB
533.85 W, 50, 31607 MiB
531.22 W, 52, 31607 MiB
527.12 W, 52, 31639 MiB
528.66 W, 54, 31639 MiB
551.78 W, 53, 31639 MiB
543.87 W, 53, 31639 MiB
547.08 W, 55, 31639 MiB
543.68 W, 54, 31639 MiB
546.38 W, 55, 31639 MiB
550.43 W, 55, 31639 MiB
542.89 W, 55, 31639 MiB
530.41 W, 57, 31639 MiB
541.11 W, 56, 31639 MiB
540.34 W, 57, 31639 MiB
357.33 W, 44, 31691 MiB
185.35 W, 48, 30609 MiB
339.54 W, 51, 30609 MiB
349.18 W, 51, 30609 MiB
341.40 W, 48, 30673 MiB
343.45 W, 50, 30673 MiB
339.06 W, 48, 30676 MiB
330.01 W, 48, 30676 MiB
319.96 W, 48, 30676 MiB
334.37 W, 48, 31124 MiB
533.81 W, 58, 31124 MiB
575.69 W, 60, 31118 MiB
575.41 W, 60, 31118 MiB
575.48 W, 60, 31118 MiB
574.65 W, 61, 31118 MiB
575.39 W, 61, 31118 MiB
575.56 W, 62, 31121 MiB
574.58 W, 61, 31121 MiB
574.22 W, 62, 31121 MiB
575.10 W, 63, 31121 MiB
575.30 W, 63, 31121 MiB
574.86 W, 63, 31121 MiB
575.36 W, 63, 31121 MiB
441.68 W, 51, 30929 MiB
498.77 W, 63, 30929 MiB
575.23 W, 63, 30929 MiB
575.44 W, 64, 30926 MiB
575.46 W, 65, 30980 MiB
575.14 W, 65, 30980 MiB
574.53 W, 65, 30980 MiB
575.26 W, 66, 30980 MiB
575.29 W, 66, 30984 MiB
575.10 W, 66, 30984 MiB
575.13 W, 67, 30984 MiB
575.49 W, 67, 30984 MiB
575.32 W, 67, 30984 MiB
575.03 W, 68, 30983 MiB
574.93 W, 67, 30983 MiB
575.32 W, 68, 30983 MiB
574.67 W, 68, 30983 MiB
575.26 W, 69, 30980 MiB
482.56 W, 57, 30692 MiB
