14.11 W, 30, 2282 MiB
14.27 W, 30, 3094 MiB
21.99 W, 30, 3094 MiB
21.53 W, 30, 3474 MiB
28.45 W, 30, 4018 MiB
32.20 W, 30, 4754 MiB
29.22 W, 30, 5234 MiB
28.99 W, 30, 5618 MiB
32.49 W, 30, 6002 MiB
35.11 W, 30, 6514 MiB
32.70 W, 30, 6994 MiB
28.14 W, 30, 7442 MiB
27.68 W, 30, 7826 MiB
32.28 W, 30, 8242 MiB
32.47 W, 30, 8756 MiB
29.19 W, 30, 9172 MiB
29.98 W, 30, 9506 MiB
31.86 W, 30, 10018 MiB
36.42 W, 30, 10306 MiB
33.69 W, 30, 10501 MiB
25.35 W, 30, 11077 MiB
21.76 W, 30, 12005 MiB
34.06 W, 32, 12320 MiB
46.94 W, 30, 12799 MiB
45.78 W, 31, 13375 MiB
42.25 W, 31, 14015 MiB
46.87 W, 30, 14424 MiB
54.03 W, 32, 14872 MiB
52.22 W, 31, 15285 MiB
51.59 W, 31, 15636 MiB
51.86 W, 31, 16148 MiB
50.33 W, 30, 16500 MiB
45.82 W, 30, 16948 MiB
45.38 W, 32, 17396 MiB
52.74 W, 31, 17876 MiB
62.02 W, 31, 18260 MiB
60.62 W, 31, 18708 MiB
53.86 W, 32, 19060 MiB
46.56 W, 31, 19508 MiB
45.87 W, 31, 19860 MiB
46.88 W, 31, 20340 MiB
45.77 W, 32, 20756 MiB
46.31 W, 31, 21236 MiB
50.36 W, 31, 21620 MiB
47.29 W, 31, 22004 MiB
40.67 W, 31, 22356 MiB
44.16 W, 31, 22484 MiB
235.64 W, 45, 22484 MiB
479.28 W, 45, 22484 MiB
578.40 W, 50, 22484 MiB
574.95 W, 50, 22228 MiB
423.63 W, 38, 22036 MiB
230.61 W, 35, 22100 MiB
119.99 W, 34, 22100 MiB
86.08 W, 34, 22484 MiB
86.94 W, 34, 22548 MiB
73.43 W, 33, 22644 MiB
326.13 W, 48, 22644 MiB
536.03 W, 50, 22644 MiB
573.84 W, 52, 22644 MiB
468.17 W, 40, 22643 MiB
478.00 W, 52, 22643 MiB
531.63 W, 53, 22643 MiB
574.27 W, 54, 22643 MiB
572.55 W, 54, 22643 MiB
488.58 W, 42, 22643 MiB
472.97 W, 54, 22643 MiB
514.97 W, 54, 22643 MiB
574.67 W, 55, 22643 MiB
575.83 W, 55, 22643 MiB
513.60 W, 44, 21267 MiB
267.63 W, 40, 10835 MiB
93.76 W, 39, 11187 MiB
90.49 W, 38, 12083 MiB
86.14 W, 37, 12565 MiB
70.50 W, 37, 13205 MiB
56.60 W, 37, 13525 MiB
56.00 W, 37, 13909 MiB
54.78 W, 36, 14293 MiB
54.62 W, 36, 14613 MiB
54.59 W, 36, 14997 MiB
54.54 W, 36, 15285 MiB
156.86 W, 46, 15290 MiB
392.04 W, 51, 14682 MiB
440.52 W, 40, 15290 MiB
349.92 W, 51, 15290 MiB
454.40 W, 52, 14682 MiB
456.37 W, 48, 15290 MiB
464.30 W, 53, 17402 MiB
563.72 W, 51, 10586 MiB
347.58 W, 40, 11130 MiB
89.22 W, 39, 11930 MiB
89.41 W, 38, 12341 MiB
68.07 W, 37, 12725 MiB
48.83 W, 37, 13238 MiB
46.97 W, 37, 13846 MiB
47.30 W, 37, 14326 MiB
47.49 W, 37, 14710 MiB
46.40 W, 37, 15158 MiB
45.65 W, 38, 15542 MiB
45.00 W, 36, 15894 MiB
44.84 W, 36, 16310 MiB
45.91 W, 36, 16726 MiB
46.51 W, 36, 17206 MiB
44.78 W, 36, 17622 MiB
48.29 W, 37, 18038 MiB
49.93 W, 36, 18454 MiB
46.32 W, 36, 18934 MiB
44.26 W, 37, 19286 MiB
42.72 W, 36, 19670 MiB
50.33 W, 36, 20086 MiB
57.93 W, 36, 20566 MiB
55.89 W, 36, 21014 MiB
56.39 W, 37, 21398 MiB
52.29 W, 36, 21814 MiB
46.73 W, 36, 22229 MiB
48.97 W, 36, 22549 MiB
51.67 W, 37, 22709 MiB
265.94 W, 49, 22709 MiB
548.13 W, 53, 22709 MiB
572.75 W, 54, 22709 MiB
563.64 W, 49, 22101 MiB
381.67 W, 41, 22709 MiB
386.55 W, 54, 22709 MiB
580.15 W, 55, 22709 MiB
574.90 W, 56, 22709 MiB
575.40 W, 56, 22133 MiB
475.99 W, 56, 22709 MiB
531.09 W, 57, 22709 MiB
574.44 W, 57, 22709 MiB
573.44 W, 57, 22709 MiB
483.95 W, 45, 22101 MiB
259.34 W, 43, 10869 MiB
89.56 W, 42, 11221 MiB
91.03 W, 41, 12117 MiB
78.30 W, 40, 12597 MiB
62.49 W, 40, 13269 MiB
56.30 W, 40, 13589 MiB
55.17 W, 39, 13973 MiB
55.10 W, 39, 14325 MiB
54.80 W, 39, 14677 MiB
54.37 W, 39, 15029 MiB
54.24 W, 39, 15285 MiB
154.39 W, 48, 15285 MiB
419.41 W, 52, 14677 MiB
425.09 W, 42, 15285 MiB
350.45 W, 52, 15285 MiB
507.52 W, 55, 15253 MiB
453.22 W, 53, 15285 MiB
463.35 W, 55, 14677 MiB
