14.66 W, 31, 2571 MiB
14.62 W, 31, 2571 MiB
14.53 W, 30, 2571 MiB
14.24 W, 31, 2571 MiB
14.17 W, 30, 3002 MiB
45.85 W, 31, 3002 MiB
57.41 W, 31, 3160 MiB
57.27 W, 31, 3160 MiB
57.29 W, 31, 3192 MiB
56.84 W, 31, 3192 MiB
56.52 W, 31, 3192 MiB
47.01 W, 31, 3192 MiB
25.58 W, 31, 3192 MiB
14.48 W, 31, 3192 MiB
14.22 W, 31, 3193 MiB
14.41 W, 31, 3193 MiB
14.31 W, 31, 3193 MiB
15.99 W, 31, 3193 MiB
16.90 W, 31, 3193 MiB
15.06 W, 31, 3192 MiB
14.40 W, 31, 3195 MiB
14.22 W, 31, 3195 MiB
14.88 W, 31, 3195 MiB
15.64 W, 31, 3195 MiB
15.47 W, 31, 3195 MiB
15.35 W, 31, 3192 MiB
15.01 W, 31, 3192 MiB
15.68 W, 31, 3195 MiB
15.94 W, 31, 3195 MiB
15.34 W, 31, 3195 MiB
15.89 W, 31, 3195 MiB
15.43 W, 31, 3195 MiB
15.18 W, 31, 3195 MiB
14.20 W, 31, 3195 MiB
13.69 W, 31, 3194 MiB
13.91 W, 31, 3193 MiB
13.60 W, 31, 3193 MiB
14.21 W, 30, 3193 MiB
14.01 W, 31, 3193 MiB
14.01 W, 30, 3188 MiB
14.26 W, 30, 3188 MiB
13.68 W, 30, 3188 MiB
13.56 W, 30, 3188 MiB
13.56 W, 30, 3188 MiB
13.78 W, 30, 3189 MiB
13.56 W, 30, 3189 MiB
13.37 W, 30, 3189 MiB
13.53 W, 30, 3189 MiB
13.79 W, 30, 3189 MiB
26.61 W, 31, 5691 MiB
62.94 W, 31, 5737 MiB
38.01 W, 31, 5737 MiB
32.69 W, 31, 5737 MiB
31.91 W, 31, 5737 MiB
27.83 W, 31, 5753 MiB
20.82 W, 31, 5799 MiB
20.48 W, 31, 5881 MiB
22.54 W, 31, 5881 MiB
14.65 W, 31, 5881 MiB
15.15 W, 31, 5941 MiB
16.19 W, 31, 5941 MiB
14.41 W, 31, 5941 MiB
18.44 W, 31, 6013 MiB
72.00 W, 31, 6013 MiB
55.50 W, 31, 6013 MiB
32.85 W, 31, 6013 MiB
32.29 W, 31, 6013 MiB
32.12 W, 31, 6013 MiB
28.96 W, 31, 6013 MiB
25.76 W, 31, 6013 MiB
14.53 W, 31, 6013 MiB
14.40 W, 31, 6139 MiB
102.88 W, 32, 6183 MiB
152.31 W, 34, 6193 MiB
138.99 W, 34, 6263 MiB
159.89 W, 35, 6263 MiB
162.45 W, 35, 6263 MiB
161.33 W, 35, 6263 MiB
154.67 W, 35, 6265 MiB
166.00 W, 36, 6265 MiB
145.65 W, 35, 6271 MiB
160.88 W, 35, 6271 MiB
169.24 W, 36, 6271 MiB
161.23 W, 36, 6271 MiB
161.56 W, 36, 6271 MiB
165.61 W, 36, 6271 MiB
165.00 W, 36, 6271 MiB
160.74 W, 36, 6271 MiB
165.14 W, 37, 6271 MiB
159.67 W, 36, 6271 MiB
166.45 W, 36, 6271 MiB
163.50 W, 37, 6271 MiB
60.05 W, 34, 6271 MiB
41.31 W, 34, 6163 MiB
36.86 W, 33, 6163 MiB
