W0603 10:22:58.833000 23816 .venv\Lib\site-packages\torch\utils\flop_counter.py:29] triton not found; flop counting will not work for triton kernels
2026-06-03 10:23:00 INFO     Using DreamBooth method.      train_network.py:528
                    INFO     prepare images.                 train_util.py:2185
                    INFO     get image size from name of     train_util.py:2060
                             cache files                                       

  0%|          | 0/16 [00:00<?, ?it/s]
100%|██████████| 16/16 [00:00<?, ?it/s]
                    INFO     set image size from cache       train_util.py:2090
                             files: 0/16                                       
                    INFO     found directory                 train_util.py:2132
                             E:\AI\training\dataset_stdstyl\                   
                             10_neutralset contains 16 image                   
                             files                                             

read caption:   0%|          | 0/16 [00:00<?, ?it/s]
read caption: 100%|██████████| 16/16 [00:00<00:00, 220.16it/s]
                    INFO     160 train images with repeats.  train_util.py:2231
                    INFO     0 reg images with repeats.      train_util.py:2235
                    WARNING  no regularization images /      train_util.py:2240
                             正則化画像が見つかりませんでし                    
                             た                                                
                    INFO     [Dataset 0]                     config_util.py:586
                               batch_size: 1                                   
                               resolution: (1024, 1024)                        
                               skip_image_resolution: None                     
                               resize_interpolation: None                      
                               enable_bucket: False                            
                                                                               
                               [Subset 0 of Dataset 0]                         
                                 image_dir:                                    
                             "E:\AI\training\dataset_stdstyl                   
                             \10_neutralset"                                   
                                 image_count: 16                               
                                 num_repeats: 10                               
                                 shuffle_caption: False                        
                                 keep_tokens: 0                                
                                 caption_dropout_rate: 0.0                     
                                 caption_dropout_every_n_epo                   
                             chs: 0                                            
                                 caption_tag_dropout_rate:                     
                             0.0                                               
                                 caption_prefix: None                          
                                 caption_suffix: None                          
                                 color_aug: False                              
                                 flip_aug: False                               
                                 face_crop_aug_range: None                     
                                 random_crop: False                            
                                 token_warmup_min: 1,                          
                                 token_warmup_step: 0,                         
                                 alpha_mask: False                             
                                 resize_interpolation: None                    
                                 custom_attributes: {}                         
                                 is_reg: False                                 
                                 class_tokens: neutralset                      
                                 caption_extension: .txt                       
                                                                               
                                                                               
                    INFO     [Prepare dataset 0]             config_util.py:598
                    INFO     loading image sizes.             train_util.py:999

  0%|          | 0/16 [00:00<?, ?it/s]
100%|██████████| 16/16 [00:00<?, ?it/s]
                    INFO     prepare dataset                 train_util.py:1024
                    INFO     preparing accelerator         train_network.py:591
                    INFO     loading model for process    sdxl_train_util.py:32
                             0/1                                               
                    INFO     load StableDiffusion         sdxl_train_util.py:82
                             checkpoint:                                       
                             E:\AI-Models\ComfyUI_windows                      
                             _portable\ComfyUI\models\che                      
                             ckpoints\sd_xl_base_1.0.safe                      
                             tensors                                           
                    INFO     building U-Net              sdxl_model_util.py:198
                    INFO     loading U-Net from          sdxl_model_util.py:209
                             checkpoint                                        
2026-06-03 10:23:07 INFO     U-Net: <All keys matched    sdxl_model_util.py:211
                             successfully>                                     
                    INFO     building text encoders      sdxl_model_util.py:214
                    INFO     loading text encoders from  sdxl_model_util.py:267
                             checkpoint                                        
2026-06-03 10:23:08 INFO     text encoder 1: <All keys   sdxl_model_util.py:281
                             matched successfully>                             
2026-06-03 10:23:10 INFO     text encoder 2: <All keys   sdxl_model_util.py:285
                             matched successfully>                             
                    INFO     building VAE                sdxl_model_util.py:288
                    INFO     loading VAE from checkpoint sdxl_model_util.py:293
                    INFO     VAE: <All keys matched      sdxl_model_util.py:296
                             successfully>                                     
                    INFO     Enable SDPA for U-Net           train_util.py:3488
                    INFO     [Dataset 0]                     train_util.py:2740
                    INFO     caching latents with caching    train_util.py:1128
                             strategy.                                         
                    INFO     caching latents...              train_util.py:1178
accelerator device: cuda

  0%|          | 0/16 [00:00<?, ?it/s]
  6%|▋         | 1/16 [00:00<00:08,  1.67it/s]
 12%|█▎        | 2/16 [00:00<00:05,  2.65it/s]
 19%|█▉        | 3/16 [00:01<00:03,  3.28it/s]
 25%|██▌       | 4/16 [00:01<00:03,  3.67it/s]
 31%|███▏      | 5/16 [00:01<00:02,  3.94it/s]
 38%|███▊      | 6/16 [00:01<00:02,  4.12it/s]
 44%|████▍     | 7/16 [00:01<00:02,  4.26it/s]
 50%|█████     | 8/16 [00:02<00:01,  4.33it/s]
 56%|█████▋    | 9/16 [00:02<00:01,  4.37it/s]
 62%|██████▎   | 10/16 [00:02<00:01,  4.42it/s]
 69%|██████▉   | 11/16 [00:02<00:01,  4.44it/s]
 75%|███████▌  | 12/16 [00:03<00:00,  4.47it/s]
 81%|████████▏ | 13/16 [00:03<00:00,  4.47it/s]
 88%|████████▊ | 14/16 [00:03<00:00,  4.47it/s]
 94%|█████████▍| 15/16 [00:03<00:00,  4.46it/s]
100%|██████████| 16/16 [00:03<00:00,  4.47it/s]
100%|██████████| 16/16 [00:03<00:00,  4.07it/s]
2026-06-03 10:23:15 INFO     create LoRA network. base dim (rank):  lora.py:935
                             16, alpha: 8.0                                    
                    INFO     neuron dropout: p=None, rank dropout:  lora.py:936
                             p=None, module dropout: p=None                    
                    INFO     create LoRA for Text Encoder 1:       lora.py:1027
                    INFO     create LoRA for Text Encoder 2:       lora.py:1027
                    INFO     create LoRA for Text Encoder: 264     lora.py:1035
                             modules.                                          
                    INFO     create LoRA for U-Net: 722 modules.   lora.py:1043
                    INFO     enable LoRA for text encoder: 264     lora.py:1084
                             modules                                           
                    INFO     enable LoRA for U-Net: 722 modules    lora.py:1089
                    INFO     use AdamW optimizer | {}        train_util.py:5230
2026-06-03 10:23:20 INFO     unet dtype: torch.bfloat16,  train_network.py:1347
                             device: cuda:0                                    
                    INFO     text_encoder [0] dtype:      train_network.py:1353
                             torch.bfloat16, device:                           
                             cuda:0                                            
                    INFO     text_encoder [1] dtype:      train_network.py:1353
                             torch.bfloat16, device:                           
                             cuda:0                                            
import network module: networks.lora
prepare optimizer, data loader etc.
running training / 学習開始
  num train images * repeats / 学習画像の数×繰り返し回数: 160
  num validation images * repeats / 学習画像の数×繰り返し回数: 0
  num reg images / 正則化画像の数: 0
  num batches per epoch / 1epochのバッチ数: 160
  num epochs / epoch数: 2
  batch size per device / バッチサイズ: 1
  gradient accumulation steps / 勾配を合計するステップ数 = 1
  total optimization steps / 学習ステップ数: 300

steps:   0%|          | 0/300 [00:00<?, ?it/s]                    INFO     epoch is incremented.            train_util.py:791
                             current_epoch: 0, epoch: 1                        

steps:   0%|          | 1/300 [00:01<07:21,  1.47s/it]
steps:   0%|          | 1/300 [00:01<07:21,  1.47s/it, avr_loss=0.00529]
steps:   1%|          | 2/300 [00:02<05:11,  1.05s/it, avr_loss=0.00529]
steps:   1%|          | 2/300 [00:02<05:11,  1.05s/it, avr_loss=0.125]  
steps:   1%|          | 3/300 [00:02<04:28,  1.11it/s, avr_loss=0.125]
steps:   1%|          | 3/300 [00:02<04:28,  1.11it/s, avr_loss=0.138]
steps:   1%|▏         | 4/300 [00:03<04:18,  1.14it/s, avr_loss=0.138]
steps:   1%|▏         | 4/300 [00:03<04:18,  1.14it/s, avr_loss=0.109]
steps:   2%|▏         | 5/300 [00:04<04:11,  1.17it/s, avr_loss=0.109]
steps:   2%|▏         | 5/300 [00:04<04:11,  1.17it/s, avr_loss=0.138]
steps:   2%|▏         | 6/300 [00:05<04:07,  1.19it/s, avr_loss=0.138]
steps:   2%|▏         | 6/300 [00:05<04:07,  1.19it/s, avr_loss=0.158]
steps:   2%|▏         | 7/300 [00:05<04:01,  1.21it/s, avr_loss=0.158]
steps:   2%|▏         | 7/300 [00:05<04:01,  1.21it/s, avr_loss=0.136]
steps:   3%|▎         | 8/300 [00:06<03:59,  1.22it/s, avr_loss=0.136]
steps:   3%|▎         | 8/300 [00:06<03:59,  1.22it/s, avr_loss=0.131]
steps:   3%|▎         | 9/300 [00:07<03:57,  1.23it/s, avr_loss=0.131]
steps:   3%|▎         | 9/300 [00:07<03:57,  1.23it/s, avr_loss=0.116]
steps:   3%|▎         | 10/300 [00:08<03:55,  1.23it/s, avr_loss=0.116]
steps:   3%|▎         | 10/300 [00:08<03:55,  1.23it/s, avr_loss=0.121]
steps:   4%|▎         | 11/300 [00:08<03:53,  1.24it/s, avr_loss=0.121]
steps:   4%|▎         | 11/300 [00:08<03:53,  1.24it/s, avr_loss=0.111]
steps:   4%|▍         | 12/300 [00:09<03:52,  1.24it/s, avr_loss=0.111]
steps:   4%|▍         | 12/300 [00:09<03:52,  1.24it/s, avr_loss=0.109]
steps:   4%|▍         | 13/300 [00:10<03:51,  1.24it/s, avr_loss=0.109]
steps:   4%|▍         | 13/300 [00:10<03:51,  1.24it/s, avr_loss=0.11] 
steps:   5%|▍         | 14/300 [00:11<03:49,  1.24it/s, avr_loss=0.11]
steps:   5%|▍         | 14/300 [00:11<03:49,  1.24it/s, avr_loss=0.122]
steps:   5%|▌         | 15/300 [00:12<03:48,  1.25it/s, avr_loss=0.122]
steps:   5%|▌         | 15/300 [00:12<03:48,  1.25it/s, avr_loss=0.135]
steps:   5%|▌         | 16/300 [00:12<03:44,  1.26it/s, avr_loss=0.135]
steps:   5%|▌         | 16/300 [00:12<03:44,  1.26it/s, avr_loss=0.133]
steps:   6%|▌         | 17/300 [00:13<03:39,  1.29it/s, avr_loss=0.133]
steps:   6%|▌         | 17/300 [00:13<03:39,  1.29it/s, avr_loss=0.126]
steps:   6%|▌         | 18/300 [00:13<03:35,  1.31it/s, avr_loss=0.126]
steps:   6%|▌         | 18/300 [00:13<03:35,  1.31it/s, avr_loss=0.119]
steps:   6%|▋         | 19/300 [00:14<03:32,  1.32it/s, avr_loss=0.119]
steps:   6%|▋         | 19/300 [00:14<03:32,  1.32it/s, avr_loss=0.12] 
steps:   7%|▋         | 20/300 [00:14<03:29,  1.34it/s, avr_loss=0.12]
steps:   7%|▋         | 20/300 [00:14<03:29,  1.34it/s, avr_loss=0.117]
steps:   7%|▋         | 21/300 [00:15<03:26,  1.35it/s, avr_loss=0.117]
steps:   7%|▋         | 21/300 [00:15<03:26,  1.35it/s, avr_loss=0.124]
steps:   7%|▋         | 22/300 [00:16<03:23,  1.37it/s, avr_loss=0.124]
steps:   7%|▋         | 22/300 [00:16<03:23,  1.37it/s, avr_loss=0.131]
steps:   8%|▊         | 23/300 [00:16<03:20,  1.38it/s, avr_loss=0.131]
steps:   8%|▊         | 23/300 [00:16<03:20,  1.38it/s, avr_loss=0.138]
steps:   8%|▊         | 24/300 [00:17<03:18,  1.39it/s, avr_loss=0.138]
steps:   8%|▊         | 24/300 [00:17<03:18,  1.39it/s, avr_loss=0.139]
steps:   8%|▊         | 25/300 [00:17<03:15,  1.40it/s, avr_loss=0.139]
steps:   8%|▊         | 25/300 [00:17<03:15,  1.40it/s, avr_loss=0.134]
steps:   9%|▊         | 26/300 [00:18<03:13,  1.42it/s, avr_loss=0.134]
steps:   9%|▊         | 26/300 [00:18<03:13,  1.42it/s, avr_loss=0.132]
steps:   9%|▉         | 27/300 [00:18<03:11,  1.43it/s, avr_loss=0.132]
steps:   9%|▉         | 27/300 [00:18<03:11,  1.43it/s, avr_loss=0.133]
steps:   9%|▉         | 28/300 [00:19<03:09,  1.43it/s, avr_loss=0.133]
steps:   9%|▉         | 28/300 [00:19<03:09,  1.43it/s, avr_loss=0.132]
steps:  10%|▉         | 29/300 [00:20<03:07,  1.44it/s, avr_loss=0.132]
steps:  10%|▉         | 29/300 [00:20<03:07,  1.44it/s, avr_loss=0.132]
steps:  10%|█         | 30/300 [00:20<03:05,  1.45it/s, avr_loss=0.132]
steps:  10%|█         | 30/300 [00:20<03:05,  1.45it/s, avr_loss=0.137]
steps:  10%|█         | 31/300 [00:21<03:03,  1.46it/s, avr_loss=0.137]
steps:  10%|█         | 31/300 [00:21<03:03,  1.46it/s, avr_loss=0.133]
steps:  11%|█         | 32/300 [00:21<03:02,  1.47it/s, avr_loss=0.133]
steps:  11%|█         | 32/300 [00:21<03:02,  1.47it/s, avr_loss=0.139]
steps:  11%|█         | 33/300 [00:22<03:00,  1.48it/s, avr_loss=0.139]
steps:  11%|█         | 33/300 [00:22<03:00,  1.48it/s, avr_loss=0.135]
steps:  11%|█▏        | 34/300 [00:22<02:58,  1.49it/s, avr_loss=0.135]
steps:  11%|█▏        | 34/300 [00:22<02:58,  1.49it/s, avr_loss=0.132]
steps:  12%|█▏        | 35/300 [00:23<02:57,  1.50it/s, avr_loss=0.132]
steps:  12%|█▏        | 35/300 [00:23<02:57,  1.50it/s, avr_loss=0.13] 
steps:  12%|█▏        | 36/300 [00:23<02:55,  1.50it/s, avr_loss=0.13]
steps:  12%|█▏        | 36/300 [00:23<02:55,  1.50it/s, avr_loss=0.126]
steps:  12%|█▏        | 37/300 [00:24<02:54,  1.50it/s, avr_loss=0.126]
steps:  12%|█▏        | 37/300 [00:24<02:54,  1.50it/s, avr_loss=0.131]
steps:  13%|█▎        | 38/300 [00:25<02:53,  1.51it/s, avr_loss=0.131]
steps:  13%|█▎        | 38/300 [00:25<02:53,  1.51it/s, avr_loss=0.128]
steps:  13%|█▎        | 39/300 [00:25<02:52,  1.51it/s, avr_loss=0.128]
steps:  13%|█▎        | 39/300 [00:25<02:52,  1.51it/s, avr_loss=0.125]
steps:  13%|█▎        | 40/300 [00:26<02:51,  1.51it/s, avr_loss=0.125]
steps:  13%|█▎        | 40/300 [00:26<02:51,  1.51it/s, avr_loss=0.125]
steps:  14%|█▎        | 41/300 [00:27<02:50,  1.52it/s, avr_loss=0.125]
steps:  14%|█▎        | 41/300 [00:27<02:50,  1.52it/s, avr_loss=0.128]
steps:  14%|█▍        | 42/300 [00:27<02:49,  1.52it/s, avr_loss=0.128]
steps:  14%|█▍        | 42/300 [00:27<02:49,  1.52it/s, avr_loss=0.133]
steps:  14%|█▍        | 43/300 [00:28<02:49,  1.52it/s, avr_loss=0.133]
steps:  14%|█▍        | 43/300 [00:28<02:49,  1.52it/s, avr_loss=0.132]
steps:  15%|█▍        | 44/300 [00:28<02:48,  1.52it/s, avr_loss=0.132]
steps:  15%|█▍        | 44/300 [00:28<02:48,  1.52it/s, avr_loss=0.135]
steps:  15%|█▌        | 45/300 [00:29<02:47,  1.52it/s, avr_loss=0.135]
steps:  15%|█▌        | 45/300 [00:29<02:47,  1.52it/s, avr_loss=0.136]
steps:  15%|█▌        | 46/300 [00:30<02:47,  1.52it/s, avr_loss=0.136]
steps:  15%|█▌        | 46/300 [00:30<02:47,  1.52it/s, avr_loss=0.139]
steps:  16%|█▌        | 47/300 [00:30<02:46,  1.52it/s, avr_loss=0.139]
steps:  16%|█▌        | 47/300 [00:30<02:46,  1.52it/s, avr_loss=0.143]
steps:  16%|█▌        | 48/300 [00:31<02:45,  1.52it/s, avr_loss=0.143]
steps:  16%|█▌        | 48/300 [00:31<02:45,  1.52it/s, avr_loss=0.14] 
steps:  16%|█▋        | 49/300 [00:32<02:44,  1.52it/s, avr_loss=0.14]
steps:  16%|█▋        | 49/300 [00:32<02:44,  1.52it/s, avr_loss=0.139]
steps:  17%|█▋        | 50/300 [00:32<02:43,  1.53it/s, avr_loss=0.139]
steps:  17%|█▋        | 50/300 [00:32<02:43,  1.53it/s, avr_loss=0.14] 
steps:  17%|█▋        | 51/300 [00:33<02:42,  1.53it/s, avr_loss=0.14]
steps:  17%|█▋        | 51/300 [00:33<02:42,  1.53it/s, avr_loss=0.137]
steps:  17%|█▋        | 52/300 [00:34<02:42,  1.53it/s, avr_loss=0.137]
steps:  17%|█▋        | 52/300 [00:34<02:42,  1.53it/s, avr_loss=0.135]
steps:  18%|█▊        | 53/300 [00:34<02:41,  1.53it/s, avr_loss=0.135]
steps:  18%|█▊        | 53/300 [00:34<02:41,  1.53it/s, avr_loss=0.133]
steps:  18%|█▊        | 54/300 [00:35<02:40,  1.54it/s, avr_loss=0.133]
steps:  18%|█▊        | 54/300 [00:35<02:40,  1.54it/s, avr_loss=0.134]
steps:  18%|█▊        | 55/300 [00:35<02:39,  1.54it/s, avr_loss=0.134]
steps:  18%|█▊        | 55/300 [00:35<02:39,  1.54it/s, avr_loss=0.131]
steps:  19%|█▊        | 56/300 [00:36<02:37,  1.55it/s, avr_loss=0.131]
steps:  19%|█▊        | 56/300 [00:36<02:37,  1.55it/s, avr_loss=0.129]
steps:  19%|█▉        | 57/300 [00:36<02:36,  1.55it/s, avr_loss=0.129]
steps:  19%|█▉        | 57/300 [00:36<02:36,  1.55it/s, avr_loss=0.128]
steps:  19%|█▉        | 58/300 [00:37<02:35,  1.55it/s, avr_loss=0.128]
steps:  19%|█▉        | 58/300 [00:37<02:35,  1.55it/s, avr_loss=0.125]
steps:  20%|█▉        | 59/300 [00:37<02:34,  1.56it/s, avr_loss=0.125]
steps:  20%|█▉        | 59/300 [00:37<02:34,  1.56it/s, avr_loss=0.126]
steps:  20%|██        | 60/300 [00:38<02:33,  1.56it/s, avr_loss=0.126]
steps:  20%|██        | 60/300 [00:38<02:33,  1.56it/s, avr_loss=0.128]
steps:  20%|██        | 61/300 [00:39<02:32,  1.56it/s, avr_loss=0.128]
steps:  20%|██        | 61/300 [00:39<02:32,  1.56it/s, avr_loss=0.126]
steps:  21%|██        | 62/300 [00:39<02:31,  1.57it/s, avr_loss=0.126]
steps:  21%|██        | 62/300 [00:39<02:31,  1.57it/s, avr_loss=0.129]
steps:  21%|██        | 63/300 [00:40<02:30,  1.57it/s, avr_loss=0.129]
steps:  21%|██        | 63/300 [00:40<02:30,  1.57it/s, avr_loss=0.132]
steps:  21%|██▏       | 64/300 [00:40<02:29,  1.57it/s, avr_loss=0.132]
steps:  21%|██▏       | 64/300 [00:40<02:29,  1.57it/s, avr_loss=0.13] 
steps:  22%|██▏       | 65/300 [00:41<02:28,  1.58it/s, avr_loss=0.13]
steps:  22%|██▏       | 65/300 [00:41<02:28,  1.58it/s, avr_loss=0.129]
steps:  22%|██▏       | 66/300 [00:41<02:28,  1.58it/s, avr_loss=0.129]
steps:  22%|██▏       | 66/300 [00:41<02:28,  1.58it/s, avr_loss=0.127]
steps:  22%|██▏       | 67/300 [00:42<02:27,  1.58it/s, avr_loss=0.127]
steps:  22%|██▏       | 67/300 [00:42<02:27,  1.58it/s, avr_loss=0.125]
steps:  23%|██▎       | 68/300 [00:43<02:26,  1.58it/s, avr_loss=0.125]
steps:  23%|██▎       | 68/300 [00:43<02:26,  1.58it/s, avr_loss=0.126]
steps:  23%|██▎       | 69/300 [00:43<02:26,  1.58it/s, avr_loss=0.126]
steps:  23%|██▎       | 69/300 [00:43<02:26,  1.58it/s, avr_loss=0.124]
steps:  23%|██▎       | 70/300 [00:44<02:25,  1.58it/s, avr_loss=0.124]
steps:  23%|██▎       | 70/300 [00:44<02:25,  1.58it/s, avr_loss=0.127]
steps:  24%|██▎       | 71/300 [00:44<02:24,  1.59it/s, avr_loss=0.127]
steps:  24%|██▎       | 71/300 [00:44<02:24,  1.59it/s, avr_loss=0.128]
steps:  24%|██▍       | 72/300 [00:45<02:23,  1.59it/s, avr_loss=0.128]
steps:  24%|██▍       | 72/300 [00:45<02:23,  1.59it/s, avr_loss=0.127]
steps:  24%|██▍       | 73/300 [00:45<02:22,  1.59it/s, avr_loss=0.127]
steps:  24%|██▍       | 73/300 [00:45<02:22,  1.59it/s, avr_loss=0.127]
steps:  25%|██▍       | 74/300 [00:46<02:21,  1.59it/s, avr_loss=0.127]
steps:  25%|██▍       | 74/300 [00:46<02:21,  1.59it/s, avr_loss=0.126]
steps:  25%|██▌       | 75/300 [00:47<02:21,  1.59it/s, avr_loss=0.126]
steps:  25%|██▌       | 75/300 [00:47<02:21,  1.59it/s, avr_loss=0.124]
steps:  25%|██▌       | 76/300 [00:47<02:20,  1.59it/s, avr_loss=0.124]
steps:  25%|██▌       | 76/300 [00:47<02:20,  1.59it/s, avr_loss=0.125]
steps:  26%|██▌       | 77/300 [00:48<02:19,  1.60it/s, avr_loss=0.125]
steps:  26%|██▌       | 77/300 [00:48<02:19,  1.60it/s, avr_loss=0.124]
steps:  26%|██▌       | 78/300 [00:48<02:19,  1.60it/s, avr_loss=0.124]
steps:  26%|██▌       | 78/300 [00:48<02:19,  1.60it/s, avr_loss=0.123]
steps:  26%|██▋       | 79/300 [00:49<02:18,  1.60it/s, avr_loss=0.123]
steps:  26%|██▋       | 79/300 [00:49<02:18,  1.60it/s, avr_loss=0.121]
steps:  27%|██▋       | 80/300 [00:50<02:17,  1.60it/s, avr_loss=0.121]
steps:  27%|██▋       | 80/300 [00:50<02:17,  1.60it/s, avr_loss=0.12] 
steps:  27%|██▋       | 81/300 [00:50<02:17,  1.60it/s, avr_loss=0.12]
steps:  27%|██▋       | 81/300 [00:50<02:17,  1.60it/s, avr_loss=0.12]
steps:  27%|██▋       | 82/300 [00:51<02:16,  1.60it/s, avr_loss=0.12]
steps:  27%|██▋       | 82/300 [00:51<02:16,  1.60it/s, avr_loss=0.119]
steps:  28%|██▊       | 83/300 [00:51<02:15,  1.60it/s, avr_loss=0.119]
steps:  28%|██▊       | 83/300 [00:51<02:15,  1.60it/s, avr_loss=0.12] 
steps:  28%|██▊       | 84/300 [00:52<02:15,  1.60it/s, avr_loss=0.12]
steps:  28%|██▊       | 84/300 [00:52<02:15,  1.60it/s, avr_loss=0.122]
steps:  28%|██▊       | 85/300 [00:53<02:14,  1.60it/s, avr_loss=0.122]
steps:  28%|██▊       | 85/300 [00:53<02:14,  1.60it/s, avr_loss=0.12] 
steps:  29%|██▊       | 86/300 [00:53<02:13,  1.60it/s, avr_loss=0.12]
steps:  29%|██▊       | 86/300 [00:53<02:13,  1.60it/s, avr_loss=0.119]
steps:  29%|██▉       | 87/300 [00:54<02:13,  1.60it/s, avr_loss=0.119]
steps:  29%|██▉       | 87/300 [00:54<02:13,  1.60it/s, avr_loss=0.119]
steps:  29%|██▉       | 88/300 [00:54<02:12,  1.60it/s, avr_loss=0.119]
steps:  29%|██▉       | 88/300 [00:54<02:12,  1.60it/s, avr_loss=0.118]
steps:  30%|██▉       | 89/300 [00:55<02:11,  1.60it/s, avr_loss=0.118]
steps:  30%|██▉       | 89/300 [00:55<02:11,  1.60it/s, avr_loss=0.119]
steps:  30%|███       | 90/300 [00:56<02:11,  1.60it/s, avr_loss=0.119]
steps:  30%|███       | 90/300 [00:56<02:11,  1.60it/s, avr_loss=0.12] 
steps:  30%|███       | 91/300 [00:56<02:10,  1.60it/s, avr_loss=0.12]
steps:  30%|███       | 91/300 [00:56<02:10,  1.60it/s, avr_loss=0.118]
steps:  31%|███       | 92/300 [00:57<02:09,  1.60it/s, avr_loss=0.118]
steps:  31%|███       | 92/300 [00:57<02:09,  1.60it/s, avr_loss=0.12] 
steps:  31%|███       | 93/300 [00:58<02:09,  1.60it/s, avr_loss=0.12]
steps:  31%|███       | 93/300 [00:58<02:09,  1.60it/s, avr_loss=0.119]
steps:  31%|███▏      | 94/300 [00:58<02:08,  1.61it/s, avr_loss=0.119]
steps:  31%|███▏      | 94/300 [00:58<02:08,  1.61it/s, avr_loss=0.12] 
steps:  32%|███▏      | 95/300 [00:59<02:07,  1.61it/s, avr_loss=0.12]
steps:  32%|███▏      | 95/300 [00:59<02:07,  1.61it/s, avr_loss=0.121]
steps:  32%|███▏      | 96/300 [00:59<02:06,  1.61it/s, avr_loss=0.121]
steps:  32%|███▏      | 96/300 [00:59<02:06,  1.61it/s, avr_loss=0.123]
steps:  32%|███▏      | 97/300 [01:00<02:06,  1.61it/s, avr_loss=0.123]
steps:  32%|███▏      | 97/300 [01:00<02:06,  1.61it/s, avr_loss=0.124]
steps:  33%|███▎      | 98/300 [01:00<02:05,  1.61it/s, avr_loss=0.124]
steps:  33%|███▎      | 98/300 [01:00<02:05,  1.61it/s, avr_loss=0.123]
steps:  33%|███▎      | 99/300 [01:01<02:04,  1.61it/s, avr_loss=0.123]
steps:  33%|███▎      | 99/300 [01:01<02:04,  1.61it/s, avr_loss=0.123]
steps:  33%|███▎      | 100/300 [01:01<02:03,  1.62it/s, avr_loss=0.123]
steps:  33%|███▎      | 100/300 [01:01<02:03,  1.62it/s, avr_loss=0.122]
steps:  34%|███▎      | 101/300 [01:02<02:03,  1.62it/s, avr_loss=0.122]
steps:  34%|███▎      | 101/300 [01:02<02:03,  1.62it/s, avr_loss=0.121]
steps:  34%|███▍      | 102/300 [01:03<02:02,  1.62it/s, avr_loss=0.121]
steps:  34%|███▍      | 102/300 [01:03<02:02,  1.62it/s, avr_loss=0.121]
steps:  34%|███▍      | 103/300 [01:03<02:01,  1.62it/s, avr_loss=0.121]
steps:  34%|███▍      | 103/300 [01:03<02:01,  1.62it/s, avr_loss=0.12] 
steps:  35%|███▍      | 104/300 [01:04<02:00,  1.62it/s, avr_loss=0.12]
steps:  35%|███▍      | 104/300 [01:04<02:00,  1.62it/s, avr_loss=0.121]
steps:  35%|███▌      | 105/300 [01:04<02:00,  1.62it/s, avr_loss=0.121]
steps:  35%|███▌      | 105/300 [01:04<02:00,  1.62it/s, avr_loss=0.12] 
steps:  35%|███▌      | 106/300 [01:05<01:59,  1.63it/s, avr_loss=0.12]
steps:  35%|███▌      | 106/300 [01:05<01:59,  1.63it/s, avr_loss=0.121]
steps:  36%|███▌      | 107/300 [01:05<01:58,  1.63it/s, avr_loss=0.121]
steps:  36%|███▌      | 107/300 [01:05<01:58,  1.63it/s, avr_loss=0.12] 
steps:  36%|███▌      | 108/300 [01:06<01:57,  1.63it/s, avr_loss=0.12]
steps:  36%|███▌      | 108/300 [01:06<01:57,  1.63it/s, avr_loss=0.119]
steps:  36%|███▋      | 109/300 [01:06<01:57,  1.63it/s, avr_loss=0.119]
steps:  36%|███▋      | 109/300 [01:06<01:57,  1.63it/s, avr_loss=0.119]
steps:  37%|███▋      | 110/300 [01:07<01:56,  1.63it/s, avr_loss=0.119]
steps:  37%|███▋      | 110/300 [01:07<01:56,  1.63it/s, avr_loss=0.12] 
steps:  37%|███▋      | 111/300 [01:08<01:55,  1.63it/s, avr_loss=0.12]
steps:  37%|███▋      | 111/300 [01:08<01:55,  1.63it/s, avr_loss=0.119]
steps:  37%|███▋      | 112/300 [01:08<01:55,  1.63it/s, avr_loss=0.119]
steps:  37%|███▋      | 112/300 [01:08<01:55,  1.63it/s, avr_loss=0.12] 
steps:  38%|███▊      | 113/300 [01:09<01:54,  1.63it/s, avr_loss=0.12]
steps:  38%|███▊      | 113/300 [01:09<01:54,  1.63it/s, avr_loss=0.121]
steps:  38%|███▊      | 114/300 [01:09<01:54,  1.63it/s, avr_loss=0.121]
steps:  38%|███▊      | 114/300 [01:09<01:54,  1.63it/s, avr_loss=0.121]
steps:  38%|███▊      | 115/300 [01:10<01:53,  1.63it/s, avr_loss=0.121]
steps:  38%|███▊      | 115/300 [01:10<01:53,  1.63it/s, avr_loss=0.122]
steps:  39%|███▊      | 116/300 [01:11<01:52,  1.63it/s, avr_loss=0.122]
steps:  39%|███▊      | 116/300 [01:11<01:52,  1.63it/s, avr_loss=0.121]
steps:  39%|███▉      | 117/300 [01:11<01:52,  1.63it/s, avr_loss=0.121]
steps:  39%|███▉      | 117/300 [01:11<01:52,  1.63it/s, avr_loss=0.122]
steps:  39%|███▉      | 118/300 [01:12<01:51,  1.63it/s, avr_loss=0.122]
steps:  39%|███▉      | 118/300 [01:12<01:51,  1.63it/s, avr_loss=0.121]
steps:  40%|███▉      | 119/300 [01:12<01:51,  1.63it/s, avr_loss=0.121]
steps:  40%|███▉      | 119/300 [01:12<01:51,  1.63it/s, avr_loss=0.12] 
steps:  40%|████      | 120/300 [01:13<01:50,  1.63it/s, avr_loss=0.12]
steps:  40%|████      | 120/300 [01:13<01:50,  1.63it/s, avr_loss=0.12]
steps:  40%|████      | 121/300 [01:14<01:49,  1.63it/s, avr_loss=0.12]
steps:  40%|████      | 121/300 [01:14<01:49,  1.63it/s, avr_loss=0.12]
steps:  41%|████      | 122/300 [01:14<01:49,  1.63it/s, avr_loss=0.12]
steps:  41%|████      | 122/300 [01:14<01:49,  1.63it/s, avr_loss=0.121]
steps:  41%|████      | 123/300 [01:15<01:48,  1.63it/s, avr_loss=0.121]
steps:  41%|████      | 123/300 [01:15<01:48,  1.63it/s, avr_loss=0.121]
steps:  41%|████▏     | 124/300 [01:16<01:48,  1.63it/s, avr_loss=0.121]
steps:  41%|████▏     | 124/300 [01:16<01:48,  1.63it/s, avr_loss=0.121]
steps:  42%|████▏     | 125/300 [01:16<01:47,  1.63it/s, avr_loss=0.121]
steps:  42%|████▏     | 125/300 [01:16<01:47,  1.63it/s, avr_loss=0.12] 
steps:  42%|████▏     | 126/300 [01:17<01:46,  1.63it/s, avr_loss=0.12]
steps:  42%|████▏     | 126/300 [01:17<01:46,  1.63it/s, avr_loss=0.119]
steps:  42%|████▏     | 127/300 [01:17<01:46,  1.63it/s, avr_loss=0.119]
steps:  42%|████▏     | 127/300 [01:17<01:46,  1.63it/s, avr_loss=0.119]
steps:  43%|████▎     | 128/300 [01:18<01:45,  1.63it/s, avr_loss=0.119]
steps:  43%|████▎     | 128/300 [01:18<01:45,  1.63it/s, avr_loss=0.118]
steps:  43%|████▎     | 129/300 [01:19<01:44,  1.63it/s, avr_loss=0.118]
steps:  43%|████▎     | 129/300 [01:19<01:44,  1.63it/s, avr_loss=0.119]
steps:  43%|████▎     | 130/300 [01:19<01:44,  1.63it/s, avr_loss=0.119]
steps:  43%|████▎     | 130/300 [01:19<01:44,  1.63it/s, avr_loss=0.129]
steps:  44%|████▎     | 131/300 [01:20<01:43,  1.63it/s, avr_loss=0.129]
steps:  44%|████▎     | 131/300 [01:20<01:43,  1.63it/s, avr_loss=0.129]
steps:  44%|████▍     | 132/300 [01:20<01:42,  1.63it/s, avr_loss=0.129]
steps:  44%|████▍     | 132/300 [01:20<01:42,  1.63it/s, avr_loss=0.128]
steps:  44%|████▍     | 133/300 [01:21<01:42,  1.63it/s, avr_loss=0.128]
steps:  44%|████▍     | 133/300 [01:21<01:42,  1.63it/s, avr_loss=0.127]
steps:  45%|████▍     | 134/300 [01:21<01:41,  1.63it/s, avr_loss=0.127]
steps:  45%|████▍     | 134/300 [01:21<01:41,  1.63it/s, avr_loss=0.128]
steps:  45%|████▌     | 135/300 [01:22<01:40,  1.63it/s, avr_loss=0.128]
steps:  45%|████▌     | 135/300 [01:22<01:40,  1.63it/s, avr_loss=0.127]
steps:  45%|████▌     | 136/300 [01:23<01:40,  1.63it/s, avr_loss=0.127]
steps:  45%|████▌     | 136/300 [01:23<01:40,  1.63it/s, avr_loss=0.127]
steps:  46%|████▌     | 137/300 [01:23<01:39,  1.64it/s, avr_loss=0.127]
steps:  46%|████▌     | 137/300 [01:23<01:39,  1.63it/s, avr_loss=0.128]
steps:  46%|████▌     | 138/300 [01:24<01:39,  1.63it/s, avr_loss=0.128]
steps:  46%|████▌     | 138/300 [01:24<01:39,  1.63it/s, avr_loss=0.129]
steps:  46%|████▋     | 139/300 [01:25<01:38,  1.63it/s, avr_loss=0.129]
steps:  46%|████▋     | 139/300 [01:25<01:38,  1.63it/s, avr_loss=0.13] 
steps:  47%|████▋     | 140/300 [01:25<01:37,  1.64it/s, avr_loss=0.13]
steps:  47%|████▋     | 140/300 [01:25<01:37,  1.64it/s, avr_loss=0.129]
steps:  47%|████▋     | 141/300 [01:26<01:37,  1.64it/s, avr_loss=0.129]
steps:  47%|████▋     | 141/300 [01:26<01:37,  1.64it/s, avr_loss=0.128]
steps:  47%|████▋     | 142/300 [01:26<01:36,  1.64it/s, avr_loss=0.128]
steps:  47%|████▋     | 142/300 [01:26<01:36,  1.64it/s, avr_loss=0.127]
steps:  48%|████▊     | 143/300 [01:27<01:35,  1.64it/s, avr_loss=0.127]
steps:  48%|████▊     | 143/300 [01:27<01:35,  1.64it/s, avr_loss=0.127]
steps:  48%|████▊     | 144/300 [01:27<01:35,  1.64it/s, avr_loss=0.127]
steps:  48%|████▊     | 144/300 [01:27<01:35,  1.64it/s, avr_loss=0.126]
steps:  48%|████▊     | 145/300 [01:28<01:34,  1.64it/s, avr_loss=0.126]
steps:  48%|████▊     | 145/300 [01:28<01:34,  1.64it/s, avr_loss=0.126]
steps:  49%|████▊     | 146/300 [01:28<01:33,  1.64it/s, avr_loss=0.126]
steps:  49%|████▊     | 146/300 [01:28<01:33,  1.64it/s, avr_loss=0.127]
steps:  49%|████▉     | 147/300 [01:29<01:33,  1.64it/s, avr_loss=0.127]
steps:  49%|████▉     | 147/300 [01:29<01:33,  1.64it/s, avr_loss=0.127]
steps:  49%|████▉     | 148/300 [01:30<01:32,  1.64it/s, avr_loss=0.127]
steps:  49%|████▉     | 148/300 [01:30<01:32,  1.64it/s, avr_loss=0.127]
steps:  50%|████▉     | 149/300 [01:30<01:31,  1.64it/s, avr_loss=0.127]
steps:  50%|████▉     | 149/300 [01:30<01:31,  1.64it/s, avr_loss=0.127]
steps:  50%|█████     | 150/300 [01:31<01:31,  1.64it/s, avr_loss=0.127]
steps:  50%|█████     | 150/300 [01:31<01:31,  1.64it/s, avr_loss=0.128]
steps:  50%|█████     | 151/300 [01:31<01:30,  1.64it/s, avr_loss=0.128]
steps:  50%|█████     | 151/300 [01:31<01:30,  1.64it/s, avr_loss=0.128]
steps:  51%|█████     | 152/300 [01:32<01:30,  1.64it/s, avr_loss=0.128]
steps:  51%|█████     | 152/300 [01:32<01:30,  1.64it/s, avr_loss=0.128]
steps:  51%|█████     | 153/300 [01:33<01:29,  1.64it/s, avr_loss=0.128]
steps:  51%|█████     | 153/300 [01:33<01:29,  1.64it/s, avr_loss=0.129]
steps:  51%|█████▏    | 154/300 [01:33<01:28,  1.64it/s, avr_loss=0.129]
steps:  51%|█████▏    | 154/300 [01:33<01:28,  1.64it/s, avr_loss=0.129]
steps:  52%|█████▏    | 155/300 [01:34<01:28,  1.64it/s, avr_loss=0.129]
steps:  52%|█████▏    | 155/300 [01:34<01:28,  1.64it/s, avr_loss=0.129]
steps:  52%|█████▏    | 156/300 [01:34<01:27,  1.64it/s, avr_loss=0.129]
steps:  52%|█████▏    | 156/300 [01:34<01:27,  1.64it/s, avr_loss=0.129]
steps:  52%|█████▏    | 157/300 [01:35<01:27,  1.64it/s, avr_loss=0.129]
steps:  52%|█████▏    | 157/300 [01:35<01:27,  1.64it/s, avr_loss=0.128]
steps:  53%|█████▎    | 158/300 [01:36<01:26,  1.64it/s, avr_loss=0.128]
steps:  53%|█████▎    | 158/300 [01:36<01:26,  1.64it/s, avr_loss=0.128]
steps:  53%|█████▎    | 159/300 [01:36<01:25,  1.64it/s, avr_loss=0.128]
steps:  53%|█████▎    | 159/300 [01:36<01:25,  1.64it/s, avr_loss=0.128]
steps:  53%|█████▎    | 160/300 [01:37<01:25,  1.64it/s, avr_loss=0.128]
steps:  53%|█████▎    | 160/300 [01:37<01:25,  1.64it/s, avr_loss=0.127]2026-06-03 10:24:58 INFO     epoch is incremented.            train_util.py:791
                             current_epoch: 1, epoch: 2                        

steps:  54%|█████▎    | 161/300 [01:38<01:24,  1.64it/s, avr_loss=0.127]
steps:  54%|█████▎    | 161/300 [01:38<01:24,  1.64it/s, avr_loss=0.127]
steps:  54%|█████▍    | 162/300 [01:38<01:24,  1.64it/s, avr_loss=0.127]
steps:  54%|█████▍    | 162/300 [01:38<01:24,  1.64it/s, avr_loss=0.126]
steps:  54%|█████▍    | 163/300 [01:39<01:23,  1.64it/s, avr_loss=0.126]
steps:  54%|█████▍    | 163/300 [01:39<01:23,  1.64it/s, avr_loss=0.126]
steps:  55%|█████▍    | 164/300 [01:39<01:22,  1.64it/s, avr_loss=0.126]
steps:  55%|█████▍    | 164/300 [01:39<01:22,  1.64it/s, avr_loss=0.126]
steps:  55%|█████▌    | 165/300 [01:40<01:22,  1.64it/s, avr_loss=0.126]
steps:  55%|█████▌    | 165/300 [01:40<01:22,  1.64it/s, avr_loss=0.124]
steps:  55%|█████▌    | 166/300 [01:41<01:21,  1.64it/s, avr_loss=0.124]
steps:  55%|█████▌    | 166/300 [01:41<01:21,  1.64it/s, avr_loss=0.123]
steps:  56%|█████▌    | 167/300 [01:41<01:21,  1.64it/s, avr_loss=0.123]
steps:  56%|█████▌    | 167/300 [01:41<01:21,  1.64it/s, avr_loss=0.124]
steps:  56%|█████▌    | 168/300 [01:42<01:20,  1.64it/s, avr_loss=0.124]
steps:  56%|█████▌    | 168/300 [01:42<01:20,  1.64it/s, avr_loss=0.124]
steps:  56%|█████▋    | 169/300 [01:42<01:19,  1.64it/s, avr_loss=0.124]
steps:  56%|█████▋    | 169/300 [01:42<01:19,  1.64it/s, avr_loss=0.125]
steps:  57%|█████▋    | 170/300 [01:43<01:19,  1.64it/s, avr_loss=0.125]
steps:  57%|█████▋    | 170/300 [01:43<01:19,  1.64it/s, avr_loss=0.125]
steps:  57%|█████▋    | 171/300 [01:44<01:18,  1.64it/s, avr_loss=0.125]
steps:  57%|█████▋    | 171/300 [01:44<01:18,  1.64it/s, avr_loss=0.125]
steps:  57%|█████▋    | 172/300 [01:44<01:17,  1.64it/s, avr_loss=0.125]
steps:  57%|█████▋    | 172/300 [01:44<01:17,  1.64it/s, avr_loss=0.124]
steps:  58%|█████▊    | 173/300 [01:45<01:17,  1.64it/s, avr_loss=0.124]
steps:  58%|█████▊    | 173/300 [01:45<01:17,  1.64it/s, avr_loss=0.124]
steps:  58%|█████▊    | 174/300 [01:45<01:16,  1.64it/s, avr_loss=0.124]
steps:  58%|█████▊    | 174/300 [01:45<01:16,  1.64it/s, avr_loss=0.124]
steps:  58%|█████▊    | 175/300 [01:46<01:16,  1.64it/s, avr_loss=0.124]
steps:  58%|█████▊    | 175/300 [01:46<01:16,  1.64it/s, avr_loss=0.122]
steps:  59%|█████▊    | 176/300 [01:47<01:15,  1.64it/s, avr_loss=0.122]
steps:  59%|█████▊    | 176/300 [01:47<01:15,  1.64it/s, avr_loss=0.123]
steps:  59%|█████▉    | 177/300 [01:47<01:14,  1.64it/s, avr_loss=0.123]
steps:  59%|█████▉    | 177/300 [01:47<01:14,  1.64it/s, avr_loss=0.123]
steps:  59%|█████▉    | 178/300 [01:48<01:14,  1.65it/s, avr_loss=0.123]
steps:  59%|█████▉    | 178/300 [01:48<01:14,  1.65it/s, avr_loss=0.125]
steps:  60%|█████▉    | 179/300 [01:48<01:13,  1.65it/s, avr_loss=0.125]
steps:  60%|█████▉    | 179/300 [01:48<01:13,  1.65it/s, avr_loss=0.124]
steps:  60%|██████    | 180/300 [01:49<01:12,  1.65it/s, avr_loss=0.124]
steps:  60%|██████    | 180/300 [01:49<01:12,  1.65it/s, avr_loss=0.124]
steps:  60%|██████    | 181/300 [01:49<01:12,  1.65it/s, avr_loss=0.124]
steps:  60%|██████    | 181/300 [01:49<01:12,  1.65it/s, avr_loss=0.122]
steps:  61%|██████    | 182/300 [01:50<01:11,  1.65it/s, avr_loss=0.122]
steps:  61%|██████    | 182/300 [01:50<01:11,  1.65it/s, avr_loss=0.121]
steps:  61%|██████    | 183/300 [01:51<01:10,  1.65it/s, avr_loss=0.121]
steps:  61%|██████    | 183/300 [01:51<01:10,  1.65it/s, avr_loss=0.119]
steps:  61%|██████▏   | 184/300 [01:51<01:10,  1.65it/s, avr_loss=0.119]
steps:  61%|██████▏   | 184/300 [01:51<01:10,  1.65it/s, avr_loss=0.118]
steps:  62%|██████▏   | 185/300 [01:52<01:09,  1.65it/s, avr_loss=0.118]
steps:  62%|██████▏   | 185/300 [01:52<01:09,  1.65it/s, avr_loss=0.118]
steps:  62%|██████▏   | 186/300 [01:52<01:09,  1.65it/s, avr_loss=0.118]
steps:  62%|██████▏   | 186/300 [01:52<01:09,  1.65it/s, avr_loss=0.118]
steps:  62%|██████▏   | 187/300 [01:53<01:08,  1.65it/s, avr_loss=0.118]
steps:  62%|██████▏   | 187/300 [01:53<01:08,  1.65it/s, avr_loss=0.117]
steps:  63%|██████▎   | 188/300 [01:53<01:07,  1.65it/s, avr_loss=0.117]
steps:  63%|██████▎   | 188/300 [01:53<01:07,  1.65it/s, avr_loss=0.118]
steps:  63%|██████▎   | 189/300 [01:54<01:07,  1.65it/s, avr_loss=0.118]
steps:  63%|██████▎   | 189/300 [01:54<01:07,  1.65it/s, avr_loss=0.118]
steps:  63%|██████▎   | 190/300 [01:55<01:06,  1.65it/s, avr_loss=0.118]
steps:  63%|██████▎   | 190/300 [01:55<01:06,  1.65it/s, avr_loss=0.119]
steps:  64%|██████▎   | 191/300 [01:55<01:06,  1.65it/s, avr_loss=0.119]
steps:  64%|██████▎   | 191/300 [01:55<01:06,  1.65it/s, avr_loss=0.118]
steps:  64%|██████▍   | 192/300 [01:56<01:05,  1.65it/s, avr_loss=0.118]
steps:  64%|██████▍   | 192/300 [01:56<01:05,  1.65it/s, avr_loss=0.116]
steps:  64%|██████▍   | 193/300 [01:57<01:04,  1.65it/s, avr_loss=0.116]
steps:  64%|██████▍   | 193/300 [01:57<01:04,  1.65it/s, avr_loss=0.117]
steps:  65%|██████▍   | 194/300 [01:57<01:04,  1.65it/s, avr_loss=0.117]
steps:  65%|██████▍   | 194/300 [01:57<01:04,  1.65it/s, avr_loss=0.117]
steps:  65%|██████▌   | 195/300 [01:58<01:03,  1.65it/s, avr_loss=0.117]
steps:  65%|██████▌   | 195/300 [01:58<01:03,  1.65it/s, avr_loss=0.117]
steps:  65%|██████▌   | 196/300 [01:58<01:03,  1.65it/s, avr_loss=0.117]
steps:  65%|██████▌   | 196/300 [01:58<01:03,  1.65it/s, avr_loss=0.125]
steps:  66%|██████▌   | 197/300 [01:59<01:02,  1.65it/s, avr_loss=0.125]
steps:  66%|██████▌   | 197/300 [01:59<01:02,  1.65it/s, avr_loss=0.125]
steps:  66%|██████▌   | 198/300 [02:00<01:01,  1.65it/s, avr_loss=0.125]
steps:  66%|██████▌   | 198/300 [02:00<01:01,  1.65it/s, avr_loss=0.125]
steps:  66%|██████▋   | 199/300 [02:00<01:01,  1.65it/s, avr_loss=0.125]
steps:  66%|██████▋   | 199/300 [02:00<01:01,  1.65it/s, avr_loss=0.127]
steps:  67%|██████▋   | 200/300 [02:01<01:00,  1.65it/s, avr_loss=0.127]
steps:  67%|██████▋   | 200/300 [02:01<01:00,  1.65it/s, avr_loss=0.126]
steps:  67%|██████▋   | 201/300 [02:02<01:00,  1.65it/s, avr_loss=0.126]
steps:  67%|██████▋   | 201/300 [02:02<01:00,  1.65it/s, avr_loss=0.126]
steps:  67%|██████▋   | 202/300 [02:02<00:59,  1.65it/s, avr_loss=0.126]
steps:  67%|██████▋   | 202/300 [02:02<00:59,  1.65it/s, avr_loss=0.125]
steps:  68%|██████▊   | 203/300 [02:03<00:58,  1.65it/s, avr_loss=0.125]
steps:  68%|██████▊   | 203/300 [02:03<00:58,  1.65it/s, avr_loss=0.125]
steps:  68%|██████▊   | 204/300 [02:03<00:58,  1.65it/s, avr_loss=0.125]
steps:  68%|██████▊   | 204/300 [02:03<00:58,  1.65it/s, avr_loss=0.123]
steps:  68%|██████▊   | 205/300 [02:04<00:57,  1.65it/s, avr_loss=0.123]
steps:  68%|██████▊   | 205/300 [02:04<00:57,  1.65it/s, avr_loss=0.122]
steps:  69%|██████▊   | 206/300 [02:05<00:57,  1.65it/s, avr_loss=0.122]
steps:  69%|██████▊   | 206/300 [02:05<00:57,  1.65it/s, avr_loss=0.12] 
steps:  69%|██████▉   | 207/300 [02:05<00:56,  1.65it/s, avr_loss=0.12]
steps:  69%|██████▉   | 207/300 [02:05<00:56,  1.65it/s, avr_loss=0.118]
steps:  69%|██████▉   | 208/300 [02:06<00:55,  1.65it/s, avr_loss=0.118]
steps:  69%|██████▉   | 208/300 [02:06<00:55,  1.65it/s, avr_loss=0.118]
steps:  70%|██████▉   | 209/300 [02:06<00:55,  1.65it/s, avr_loss=0.118]
steps:  70%|██████▉   | 209/300 [02:06<00:55,  1.65it/s, avr_loss=0.119]
steps:  70%|███████   | 210/300 [02:07<00:54,  1.65it/s, avr_loss=0.119]
steps:  70%|███████   | 210/300 [02:07<00:54,  1.65it/s, avr_loss=0.119]
steps:  70%|███████   | 211/300 [02:08<00:54,  1.65it/s, avr_loss=0.119]
steps:  70%|███████   | 211/300 [02:08<00:54,  1.65it/s, avr_loss=0.119]
steps:  71%|███████   | 212/300 [02:08<00:53,  1.65it/s, avr_loss=0.119]
steps:  71%|███████   | 212/300 [02:08<00:53,  1.65it/s, avr_loss=0.119]
steps:  71%|███████   | 213/300 [02:09<00:52,  1.65it/s, avr_loss=0.119]
steps:  71%|███████   | 213/300 [02:09<00:52,  1.65it/s, avr_loss=0.119]
steps:  71%|███████▏  | 214/300 [02:09<00:52,  1.65it/s, avr_loss=0.119]
steps:  71%|███████▏  | 214/300 [02:09<00:52,  1.65it/s, avr_loss=0.118]
steps:  72%|███████▏  | 215/300 [02:10<00:51,  1.65it/s, avr_loss=0.118]
steps:  72%|███████▏  | 215/300 [02:10<00:51,  1.65it/s, avr_loss=0.12] 
steps:  72%|███████▏  | 216/300 [02:10<00:50,  1.65it/s, avr_loss=0.12]
steps:  72%|███████▏  | 216/300 [02:10<00:50,  1.65it/s, avr_loss=0.122]
steps:  72%|███████▏  | 217/300 [02:11<00:50,  1.65it/s, avr_loss=0.122]
steps:  72%|███████▏  | 217/300 [02:11<00:50,  1.65it/s, avr_loss=0.124]
steps:  73%|███████▎  | 218/300 [02:12<00:49,  1.65it/s, avr_loss=0.124]
steps:  73%|███████▎  | 218/300 [02:12<00:49,  1.65it/s, avr_loss=0.124]
steps:  73%|███████▎  | 219/300 [02:12<00:49,  1.65it/s, avr_loss=0.124]
steps:  73%|███████▎  | 219/300 [02:12<00:49,  1.65it/s, avr_loss=0.123]
steps:  73%|███████▎  | 220/300 [02:13<00:48,  1.65it/s, avr_loss=0.123]
steps:  73%|███████▎  | 220/300 [02:13<00:48,  1.65it/s, avr_loss=0.124]
steps:  74%|███████▎  | 221/300 [02:13<00:47,  1.65it/s, avr_loss=0.124]
steps:  74%|███████▎  | 221/300 [02:13<00:47,  1.65it/s, avr_loss=0.124]
steps:  74%|███████▍  | 222/300 [02:14<00:47,  1.65it/s, avr_loss=0.124]
steps:  74%|███████▍  | 222/300 [02:14<00:47,  1.65it/s, avr_loss=0.123]
steps:  74%|███████▍  | 223/300 [02:14<00:46,  1.65it/s, avr_loss=0.123]
steps:  74%|███████▍  | 223/300 [02:14<00:46,  1.65it/s, avr_loss=0.121]
steps:  75%|███████▍  | 224/300 [02:15<00:45,  1.65it/s, avr_loss=0.121]
steps:  75%|███████▍  | 224/300 [02:15<00:45,  1.65it/s, avr_loss=0.121]
steps:  75%|███████▌  | 225/300 [02:16<00:45,  1.65it/s, avr_loss=0.121]
steps:  75%|███████▌  | 225/300 [02:16<00:45,  1.65it/s, avr_loss=0.121]
steps:  75%|███████▌  | 226/300 [02:16<00:44,  1.65it/s, avr_loss=0.121]
steps:  75%|███████▌  | 226/300 [02:16<00:44,  1.65it/s, avr_loss=0.123]
steps:  76%|███████▌  | 227/300 [02:17<00:44,  1.65it/s, avr_loss=0.123]
steps:  76%|███████▌  | 227/300 [02:17<00:44,  1.65it/s, avr_loss=0.123]
steps:  76%|███████▌  | 228/300 [02:17<00:43,  1.65it/s, avr_loss=0.123]
steps:  76%|███████▌  | 228/300 [02:17<00:43,  1.65it/s, avr_loss=0.124]
steps:  76%|███████▋  | 229/300 [02:18<00:42,  1.65it/s, avr_loss=0.124]
steps:  76%|███████▋  | 229/300 [02:18<00:42,  1.65it/s, avr_loss=0.125]
steps:  77%|███████▋  | 230/300 [02:19<00:42,  1.65it/s, avr_loss=0.125]
steps:  77%|███████▋  | 230/300 [02:19<00:42,  1.65it/s, avr_loss=0.123]
steps:  77%|███████▋  | 231/300 [02:19<00:41,  1.65it/s, avr_loss=0.123]
steps:  77%|███████▋  | 231/300 [02:19<00:41,  1.65it/s, avr_loss=0.124]
steps:  77%|███████▋  | 232/300 [02:20<00:41,  1.65it/s, avr_loss=0.124]
steps:  77%|███████▋  | 232/300 [02:20<00:41,  1.65it/s, avr_loss=0.125]
steps:  78%|███████▊  | 233/300 [02:20<00:40,  1.65it/s, avr_loss=0.125]
steps:  78%|███████▊  | 233/300 [02:20<00:40,  1.65it/s, avr_loss=0.124]
steps:  78%|███████▊  | 234/300 [02:21<00:39,  1.65it/s, avr_loss=0.124]
steps:  78%|███████▊  | 234/300 [02:21<00:39,  1.65it/s, avr_loss=0.124]
steps:  78%|███████▊  | 235/300 [02:22<00:39,  1.65it/s, avr_loss=0.124]
steps:  78%|███████▊  | 235/300 [02:22<00:39,  1.65it/s, avr_loss=0.125]
steps:  79%|███████▊  | 236/300 [02:22<00:38,  1.65it/s, avr_loss=0.125]
steps:  79%|███████▊  | 236/300 [02:22<00:38,  1.65it/s, avr_loss=0.125]
steps:  79%|███████▉  | 237/300 [02:23<00:38,  1.65it/s, avr_loss=0.125]
steps:  79%|███████▉  | 237/300 [02:23<00:38,  1.65it/s, avr_loss=0.126]
steps:  79%|███████▉  | 238/300 [02:24<00:37,  1.65it/s, avr_loss=0.126]
steps:  79%|███████▉  | 238/300 [02:24<00:37,  1.65it/s, avr_loss=0.127]
steps:  80%|███████▉  | 239/300 [02:24<00:36,  1.65it/s, avr_loss=0.127]
steps:  80%|███████▉  | 239/300 [02:24<00:36,  1.65it/s, avr_loss=0.129]
steps:  80%|████████  | 240/300 [02:25<00:36,  1.65it/s, avr_loss=0.129]
steps:  80%|████████  | 240/300 [02:25<00:36,  1.65it/s, avr_loss=0.13] 
steps:  80%|████████  | 241/300 [02:25<00:35,  1.65it/s, avr_loss=0.13]
steps:  80%|████████  | 241/300 [02:25<00:35,  1.65it/s, avr_loss=0.131]
steps:  81%|████████  | 242/300 [02:26<00:35,  1.65it/s, avr_loss=0.131]
steps:  81%|████████  | 242/300 [02:26<00:35,  1.65it/s, avr_loss=0.131]
steps:  81%|████████  | 243/300 [02:27<00:34,  1.65it/s, avr_loss=0.131]
steps:  81%|████████  | 243/300 [02:27<00:34,  1.65it/s, avr_loss=0.131]
steps:  81%|████████▏ | 244/300 [02:27<00:33,  1.65it/s, avr_loss=0.131]
steps:  81%|████████▏ | 244/300 [02:27<00:33,  1.65it/s, avr_loss=0.13] 
steps:  82%|████████▏ | 245/300 [02:28<00:33,  1.65it/s, avr_loss=0.13]
steps:  82%|████████▏ | 245/300 [02:28<00:33,  1.65it/s, avr_loss=0.13]
steps:  82%|████████▏ | 246/300 [02:28<00:32,  1.65it/s, avr_loss=0.13]
steps:  82%|████████▏ | 246/300 [02:28<00:32,  1.65it/s, avr_loss=0.129]
steps:  82%|████████▏ | 247/300 [02:29<00:32,  1.65it/s, avr_loss=0.129]
steps:  82%|████████▏ | 247/300 [02:29<00:32,  1.65it/s, avr_loss=0.129]
steps:  83%|████████▎ | 248/300 [02:30<00:31,  1.65it/s, avr_loss=0.129]
steps:  83%|████████▎ | 248/300 [02:30<00:31,  1.65it/s, avr_loss=0.13] 
steps:  83%|████████▎ | 249/300 [02:30<00:30,  1.65it/s, avr_loss=0.13]
steps:  83%|████████▎ | 249/300 [02:30<00:30,  1.65it/s, avr_loss=0.129]
steps:  83%|████████▎ | 250/300 [02:31<00:30,  1.65it/s, avr_loss=0.129]
steps:  83%|████████▎ | 250/300 [02:31<00:30,  1.65it/s, avr_loss=0.128]
steps:  84%|████████▎ | 251/300 [02:31<00:29,  1.65it/s, avr_loss=0.128]
steps:  84%|████████▎ | 251/300 [02:31<00:29,  1.65it/s, avr_loss=0.128]
steps:  84%|████████▍ | 252/300 [02:32<00:29,  1.65it/s, avr_loss=0.128]
steps:  84%|████████▍ | 252/300 [02:32<00:29,  1.65it/s, avr_loss=0.128]
steps:  84%|████████▍ | 253/300 [02:32<00:28,  1.65it/s, avr_loss=0.128]
steps:  84%|████████▍ | 253/300 [02:32<00:28,  1.65it/s, avr_loss=0.128]
steps:  85%|████████▍ | 254/300 [02:33<00:27,  1.65it/s, avr_loss=0.128]
steps:  85%|████████▍ | 254/300 [02:33<00:27,  1.65it/s, avr_loss=0.127]
steps:  85%|████████▌ | 255/300 [02:34<00:27,  1.66it/s, avr_loss=0.127]
steps:  85%|████████▌ | 255/300 [02:34<00:27,  1.66it/s, avr_loss=0.126]
steps:  85%|████████▌ | 256/300 [02:34<00:26,  1.66it/s, avr_loss=0.126]
steps:  85%|████████▌ | 256/300 [02:34<00:26,  1.66it/s, avr_loss=0.124]
steps:  86%|████████▌ | 257/300 [02:35<00:25,  1.66it/s, avr_loss=0.124]
steps:  86%|████████▌ | 257/300 [02:35<00:25,  1.66it/s, avr_loss=0.123]
steps:  86%|████████▌ | 258/300 [02:35<00:25,  1.66it/s, avr_loss=0.123]
steps:  86%|████████▌ | 258/300 [02:35<00:25,  1.66it/s, avr_loss=0.123]
steps:  86%|████████▋ | 259/300 [02:36<00:24,  1.66it/s, avr_loss=0.123]
steps:  86%|████████▋ | 259/300 [02:36<00:24,  1.66it/s, avr_loss=0.123]
steps:  87%|████████▋ | 260/300 [02:37<00:24,  1.66it/s, avr_loss=0.123]
steps:  87%|████████▋ | 260/300 [02:37<00:24,  1.66it/s, avr_loss=0.123]
steps:  87%|████████▋ | 261/300 [02:37<00:23,  1.66it/s, avr_loss=0.123]
steps:  87%|████████▋ | 261/300 [02:37<00:23,  1.66it/s, avr_loss=0.123]
steps:  87%|████████▋ | 262/300 [02:38<00:22,  1.66it/s, avr_loss=0.123]
steps:  87%|████████▋ | 262/300 [02:38<00:22,  1.66it/s, avr_loss=0.124]
steps:  88%|████████▊ | 263/300 [02:38<00:22,  1.66it/s, avr_loss=0.124]
steps:  88%|████████▊ | 263/300 [02:38<00:22,  1.66it/s, avr_loss=0.124]
steps:  88%|████████▊ | 264/300 [02:39<00:21,  1.66it/s, avr_loss=0.124]
steps:  88%|████████▊ | 264/300 [02:39<00:21,  1.66it/s, avr_loss=0.123]
steps:  88%|████████▊ | 265/300 [02:39<00:21,  1.66it/s, avr_loss=0.123]
steps:  88%|████████▊ | 265/300 [02:39<00:21,  1.66it/s, avr_loss=0.123]
steps:  89%|████████▊ | 266/300 [02:40<00:20,  1.66it/s, avr_loss=0.123]
steps:  89%|████████▊ | 266/300 [02:40<00:20,  1.66it/s, avr_loss=0.121]
steps:  89%|████████▉ | 267/300 [02:41<00:19,  1.66it/s, avr_loss=0.121]
steps:  89%|████████▉ | 267/300 [02:41<00:19,  1.66it/s, avr_loss=0.123]
steps:  89%|████████▉ | 268/300 [02:41<00:19,  1.66it/s, avr_loss=0.123]
steps:  89%|████████▉ | 268/300 [02:41<00:19,  1.66it/s, avr_loss=0.123]
steps:  90%|████████▉ | 269/300 [02:42<00:18,  1.66it/s, avr_loss=0.123]
steps:  90%|████████▉ | 269/300 [02:42<00:18,  1.66it/s, avr_loss=0.123]
steps:  90%|█████████ | 270/300 [02:43<00:18,  1.66it/s, avr_loss=0.123]
steps:  90%|█████████ | 270/300 [02:43<00:18,  1.66it/s, avr_loss=0.122]
steps:  90%|█████████ | 271/300 [02:43<00:17,  1.66it/s, avr_loss=0.122]
steps:  90%|█████████ | 271/300 [02:43<00:17,  1.66it/s, avr_loss=0.123]
steps:  91%|█████████ | 272/300 [02:44<00:16,  1.66it/s, avr_loss=0.123]
steps:  91%|█████████ | 272/300 [02:44<00:16,  1.66it/s, avr_loss=0.122]
steps:  91%|█████████ | 273/300 [02:44<00:16,  1.66it/s, avr_loss=0.122]
steps:  91%|█████████ | 273/300 [02:44<00:16,  1.66it/s, avr_loss=0.121]
steps:  91%|█████████▏| 274/300 [02:45<00:15,  1.66it/s, avr_loss=0.121]
steps:  91%|█████████▏| 274/300 [02:45<00:15,  1.66it/s, avr_loss=0.12] 
steps:  92%|█████████▏| 275/300 [02:46<00:15,  1.65it/s, avr_loss=0.12]
steps:  92%|█████████▏| 275/300 [02:46<00:15,  1.65it/s, avr_loss=0.119]
steps:  92%|█████████▏| 276/300 [02:46<00:14,  1.65it/s, avr_loss=0.119]
steps:  92%|█████████▏| 276/300 [02:46<00:14,  1.65it/s, avr_loss=0.12] 
steps:  92%|█████████▏| 277/300 [02:47<00:13,  1.65it/s, avr_loss=0.12]
steps:  92%|█████████▏| 277/300 [02:47<00:13,  1.65it/s, avr_loss=0.12]
steps:  93%|█████████▎| 278/300 [02:48<00:13,  1.65it/s, avr_loss=0.12]
steps:  93%|█████████▎| 278/300 [02:48<00:13,  1.65it/s, avr_loss=0.121]
steps:  93%|█████████▎| 279/300 [02:48<00:12,  1.65it/s, avr_loss=0.121]
steps:  93%|█████████▎| 279/300 [02:48<00:12,  1.65it/s, avr_loss=0.121]
steps:  93%|█████████▎| 280/300 [02:49<00:12,  1.65it/s, avr_loss=0.121]
steps:  93%|█████████▎| 280/300 [02:49<00:12,  1.65it/s, avr_loss=0.121]
steps:  94%|█████████▎| 281/300 [02:49<00:11,  1.65it/s, avr_loss=0.121]
steps:  94%|█████████▎| 281/300 [02:49<00:11,  1.65it/s, avr_loss=0.121]
steps:  94%|█████████▍| 282/300 [02:50<00:10,  1.65it/s, avr_loss=0.121]
steps:  94%|█████████▍| 282/300 [02:50<00:10,  1.65it/s, avr_loss=0.119]
steps:  94%|█████████▍| 283/300 [02:51<00:10,  1.65it/s, avr_loss=0.119]
steps:  94%|█████████▍| 283/300 [02:51<00:10,  1.65it/s, avr_loss=0.12] 
steps:  95%|█████████▍| 284/300 [02:51<00:09,  1.65it/s, avr_loss=0.12]
steps:  95%|█████████▍| 284/300 [02:51<00:09,  1.65it/s, avr_loss=0.12]
steps:  95%|█████████▌| 285/300 [02:52<00:09,  1.65it/s, avr_loss=0.12]
steps:  95%|█████████▌| 285/300 [02:52<00:09,  1.65it/s, avr_loss=0.121]
steps:  95%|█████████▌| 286/300 [02:52<00:08,  1.65it/s, avr_loss=0.121]
steps:  95%|█████████▌| 286/300 [02:52<00:08,  1.65it/s, avr_loss=0.121]
steps:  96%|█████████▌| 287/300 [02:53<00:07,  1.65it/s, avr_loss=0.121]
steps:  96%|█████████▌| 287/300 [02:53<00:07,  1.65it/s, avr_loss=0.122]
steps:  96%|█████████▌| 288/300 [02:53<00:07,  1.66it/s, avr_loss=0.122]
steps:  96%|█████████▌| 288/300 [02:53<00:07,  1.66it/s, avr_loss=0.123]
steps:  96%|█████████▋| 289/300 [02:54<00:06,  1.66it/s, avr_loss=0.123]
steps:  96%|█████████▋| 289/300 [02:54<00:06,  1.66it/s, avr_loss=0.121]
steps:  97%|█████████▋| 290/300 [02:55<00:06,  1.66it/s, avr_loss=0.121]
steps:  97%|█████████▋| 290/300 [02:55<00:06,  1.66it/s, avr_loss=0.113]
steps:  97%|█████████▋| 291/300 [02:55<00:05,  1.66it/s, avr_loss=0.113]
steps:  97%|█████████▋| 291/300 [02:55<00:05,  1.66it/s, avr_loss=0.112]
steps:  97%|█████████▋| 292/300 [02:56<00:04,  1.66it/s, avr_loss=0.112]
steps:  97%|█████████▋| 292/300 [02:56<00:04,  1.66it/s, avr_loss=0.114]
steps:  98%|█████████▊| 293/300 [02:56<00:04,  1.66it/s, avr_loss=0.114]
steps:  98%|█████████▊| 293/300 [02:56<00:04,  1.66it/s, avr_loss=0.115]
steps:  98%|█████████▊| 294/300 [02:57<00:03,  1.66it/s, avr_loss=0.115]
steps:  98%|█████████▊| 294/300 [02:57<00:03,  1.66it/s, avr_loss=0.114]
steps:  98%|█████████▊| 295/300 [02:57<00:03,  1.66it/s, avr_loss=0.114]
steps:  98%|█████████▊| 295/300 [02:57<00:03,  1.66it/s, avr_loss=0.115]
steps:  99%|█████████▊| 296/300 [02:58<00:02,  1.66it/s, avr_loss=0.115]
steps:  99%|█████████▊| 296/300 [02:58<00:02,  1.66it/s, avr_loss=0.114]
steps:  99%|█████████▉| 297/300 [02:59<00:01,  1.66it/s, avr_loss=0.114]
steps:  99%|█████████▉| 297/300 [02:59<00:01,  1.66it/s, avr_loss=0.113]
steps:  99%|█████████▉| 298/300 [02:59<00:01,  1.66it/s, avr_loss=0.113]
steps:  99%|█████████▉| 298/300 [02:59<00:01,  1.66it/s, avr_loss=0.112]
steps: 100%|█████████▉| 299/300 [03:00<00:00,  1.66it/s, avr_loss=0.112]
steps: 100%|█████████▉| 299/300 [03:00<00:00,  1.66it/s, avr_loss=0.112]
steps: 100%|██████████| 300/300 [03:00<00:00,  1.66it/s, avr_loss=0.112]
steps: 100%|██████████| 300/300 [03:00<00:00,  1.66it/s, avr_loss=0.111]2026-06-03 10:26:22 INFO     model saved.                 train_network.py:1729

steps: 100%|██████████| 300/300 [03:01<00:00,  1.65it/s, avr_loss=0.111]

epoch 1/2


epoch 2/2


saving checkpoint: E:\AI\training\output\stdstyl_te_lora.safetensors
